#0 building with "default" instance using docker driver

#1 [internal] load build definition from Dockerfile
#1 transferring dockerfile: 547B done
#1 WARN: InvalidDefaultArgInFrom: Default value for ARG ${BUILD_FROM} results in empty or invalid base image name (line 2)
#1 DONE 0.0s

#2 [internal] load metadata for ghcr.io/home-assistant/amd64-base-python:3.13-alpine3.22
#2 DONE 0.6s

#3 [internal] load .dockerignore
#3 transferring context: 2B done
#3 DONE 0.0s

#4 [internal] load build context
#4 transferring context: 16.45kB done
#4 DONE 0.0s

#5 [1/5] FROM ghcr.io/home-assistant/amd64-base-python:3.13-alpine3.22@sha256:98d0691188dd2cbe1ecacdd934a121aa28f1d901589f34663f1a277ffe36c099
#5 CACHED

#6 [2/5] COPY sunsynk sunsynk
#6 DONE 0.1s

#7 [3/5] RUN set -x     && curl -LsSf https://astral.sh/uv/0.9.5/install.sh | sh     && uv venv     && uv pip install --index-strategy unsafe-best-match         ./sunsynk[umodbus,solarman]
#7 0.117 + curl -LsSf https://astral.sh/uv/0.9.5/install.sh
#7 0.117 + sh
#7 0.774 downloading uv 0.9.5 x86_64-unknown-linux-musl-static
#7 2.499 no checksums to verify
#7 2.866 installing to /root/.local/bin
#7 2.868   uv
#7 2.869   uvx
#7 2.869 everything's installed!
#7 2.878 
#7 2.878 To add $HOME/.local/bin to your PATH, either restart your shell or run:
#7 2.878 
#7 2.878     source $HOME/.local/bin/env (sh, bash, zsh)
#7 2.878     source $HOME/.local/bin/env.fish (fish)
#7 2.879 WARN: The following commands are shadowed by other commands in your PATH: uv uvx
#7 2.882 + uv venv
#7 2.934 Using CPython 3.13.12 interpreter at: /usr/local/bin/python
#7 2.934 Creating virtual environment at: .venv
#7 2.935 Activate with: source .venv/bin/activate
#7 2.935 + uv pip install --index-strategy unsafe-best-match './sunsynk[umodbus,solarman]'
#7 4.221 Resolved 27 packages in 1.23s
#7 4.230    Building sunsynk @ file:///sunsynk
#7 4.300 Downloading aiohttp (1.7MiB)
#7 4.471  Downloading aiohttp
#7 4.643       Built sunsynk @ file:///sunsynk
#7 4.645 Prepared 27 packages in 420ms
#7 4.668 Installed 27 packages in 23ms
#7 4.668  + aiohappyeyeballs==2.6.1
#7 4.668  + aiohttp==3.13.4
#7 4.668  + aiosignal==1.4.0
#7 4.669  + async-modbus==0.2.3
#7 4.669  + attrs==26.1.0
#7 4.669  + cattrs==26.1.0
#7 4.669  + colorlog==6.10.1
#7 4.669  + connio==0.2.0
#7 4.669  + frozenlist==1.8.0
#7 4.669  + idna==3.11
#7 4.669  + mqtt-entity==1.1.3
#7 4.669  + multidict==6.7.1
#7 4.669  + paho-mqtt==2.1.0
#7 4.669  + prettytable==3.17.0
#7 4.669  + propcache==0.4.1
#7 4.669  + pymodbus==3.11.4
#7 4.669  + pyserial==3.5
#7 4.669  + pysolarmanv5==3.0.6
#7 4.669  + pyyaml==6.0.3
#7 4.669  + serialio==2.4.0
#7 4.669  + sockio==0.15.0
#7 4.669  + sunsynk==0.9.3 (from file:///sunsynk)
#7 4.669  + typing-extensions==4.15.0
#7 4.669  + umodbus==1.0.4
#7 4.669  + wcwidth==0.6.0
#7 4.669  + whenever==0.9.5
#7 4.669  + yarl==1.23.0
#7 DONE 4.8s

#8 [4/5] COPY rootfs /
#8 DONE 0.1s

#9 [5/5] COPY VERSION VERSION
#9 DONE 0.0s

#10 exporting to image
#10 exporting layers
#10 exporting layers 0.3s done
#10 writing image sha256:cdb96363133edb796a33e99d1d39d34f1b881120ad5f7da8c446d987fe8fc45c done
#10 naming to docker.io/library/test-sunsynk-addon done
#10 DONE 0.3s

 [33m1 warning found (use docker --debug to expand):
[0m - InvalidDefaultArgInFrom: Default value for ARG ${BUILD_FROM} results in empty or invalid base image name (line 2)
